// Jest Snapshot v1, https://goo.gl/fbAQLP

exports[`<MyComponent /> should render the heading 1`] = `
<div>
  <h1>
    MyComponent
  </h1>
</div>
`;
