// Jest Snapshot v1, https://goo.gl/fbAQLP

exports[`<Main /> should render the heading 1`] = `
<main
  class="flex h-full w-full flex-col items-center justify-center bg-[#06092b] p-7 text-center text-white"
>
  <img
    alt="Imagem de um átomo e React Avançado escrito ao lado."
    class="mb-5 w-64"
    data-nimg="1"
    decoding="async"
    height="0"
    loading="lazy"
    src="/img/logo.svg"
    style="color: transparent;"
    width="0"
  />
  <h1
    class="text-2xl"
  >
    React Avançado
  </h1>
  <h2
    class="text-xl font-normal"
  >
    TypeScript, ReactJS, NextJS e Styled Components
  </h2>
  <img
    alt="Um desenvolvedor de frente para uma tela com código."
    class="w-full max-w-72 mt-8"
    data-nimg="1"
    decoding="async"
    height="0"
    loading="lazy"
    src="/img/hero-illustration.svg"
    style="color: transparent;"
    width="0"
  />
</main>
`;
